// Jest Snapshot v1, https://goo.gl/fbAQLP

exports[`Tests in CategoryAdd.js should create the component 1`] = `
<form
  onSubmit={[Function]}
>
  <p />
  <input
    onChange={[Function]}
    placeholder="Insert a new  category name"
    type="text"
    value=""
  />
</form>
`;
